Enter password: ********
Welcome to the MySQL monitor.  Commands end with ; or \g.
Your MySQL connection id is 2
Server version: 5.7.15-log MySQL Community Server (GPL)

Copyright (c) 2000, 2016, Oracle and/or its affiliates. All rights reserved.

Oracle is a registered trademark of Oracle Corporation and/or its
affiliates. Other names may be trademarks of their respective
owners.

Type 'help;' or '\h' for help. Type '\c' to clear the current input statement.

mysql> drop database proyectolab;
Query OK, 9 rows affected (7.83 sec)

mysql> create database ProyectoLab;
Query OK, 1 row affected (0.05 sec)

mysql> use ProyectoLab;
Database changed
mysql>
mysql> SET FOREIGN_KEY_CHECKS=0;
Query OK, 0 rows affected (0.14 sec)

mysql>
mysql> create table gerencia(NombresEmpresa varchar(50) not null,Direccion varchar(100) not null,Email varchar(50) not null,Registro int(10) not null,NIT_G varchar(15) not null,Telefono int(8) not null,Fax int(8) not null,primary key(NIT_G))engine=innodb;
Query OK, 0 rows affected (1.25 sec)

mysql>
mysql> create table clientes(id_cliente int(4) zerofill not null auto_increment,Nombres varchar(50) not null,Apellidos varchar(50) not null,Direccion varchar(100) not null,DUI varchar(10) not null,NIT varchar(15) not null,NPasaporte varchar(9) not null,Telefono1 int(8) not null,Telefono2 int(8) not null,Telefono3 int(8) not null,HistorialCrediticio varchar(2) not null,primary key(id_cliente))engine=innodb;
Query OK, 0 rows affected (0.90 sec)

mysql>
mysql> create table vendedores(id_vendedor int(4) zerofill not null auto_increment,Nombres varchar(50) not null,Apellidos varchar(50) not null,Direccion varchar(100) not null,DUI varchar(10) not null,NIT varchar(15) not null,AFP varchar(12) not null,NSS int(9),Telefono1 int(8) not null,Telefono2 int(8) not null,Telefono3 int(8) not null,primary key(id_vendedor))engine=innodb;
Query OK, 0 rows affected (0.60 sec)

mysql>
mysql> create table Vehi_Marcas(id_marca int(3) zerofill not null auto_increment,marca varchar(50) not null,primary key(id_marca))engine=innodb;
Query OK, 0 rows affected (0.79 sec)

mysql>
mysql> create table Vehi_Modelos(id_marca int(3) zerofill not null,id_modelo int(3) zerofill not null auto_increment,modelo varchar(100) not null,primary key(id_modelo), index(id_marca),foreign key(id_marca) references Vehi_Marcas(id_marca))engine=innodb;
Query OK, 0 rows affected (0.78 sec)

mysql>
mysql> create table Vehi_Versiones(id_marca int(3) zerofill not null,id_modelo int(3) zerofill not null,id_version int(3) zerofill not null auto_increment,version varchar(100) not null,color varchar(50),primary key(id_version), index(id_modelo),foreign key(id_modelo) references Vehi_Modelos(id_modelo),foreign key(id_marca) references Vehi_Marcas(id_marca))engine=innodb;
Query OK, 0 rows affected (1.22 sec)

mysql>
mysql> create table Ventas(id_Venta int(4) zerofill not null auto_increment,NIT_G varchar(15) not null,id_version int(3),id_cliente int(4) zerofill not null,id_vendedor int(4) zerofill not null,fecha date not null,giro varchar(25) not null,Cond_Pago varchar(25) not null,Observaciones varchar(200) not null,primary key(id_fiscal),index(id_vendedor),foreign key(NIT_G) references gerencia(NIT_G),foreign key(id_cliente) references clientes(id_cliente),foreign key(id_vendedor) references vendedores(id_vendedor),foreign key(id_version) references vehi_versiones(id_version))engine=innodb;
ERROR 1072 (42000): Key column 'id_fiscal' doesn't exist in table
mysql>
mysql> create table Ventas(id_Venta int(4) zerofill not null auto_increment,NIT_G varchar(15) not null,id_version int(3),id_cliente int(4) zerofill not null,id_vendedor int(4) zerofill not null,fecha date not null,giro varchar(25) not null,Cond_Pago varchar(25) not null,Observaciones varchar(200) not null,primary key(id_venta),index(id_vendedor),foreign key(NIT_G) references gerencia(NIT_G),foreign key(id_cliente) references clientes(id_cliente),foreign key(id_vendedor) references vendedores(id_vendedor),foreign key(id_version) references vehi_versiones(id_version))engine=innodb;
ERROR 1215 (HY000): Cannot add foreign key constraint
mysql>
mysql>
mysql> create table Ventas(id_Venta int(4) zerofill not null auto_increment,NIT_G varchar(15) not null,id_version int(3) zerofill not null,id_cliente int(4) zerofill not null,id_vendedor int(4) zerofill not null,fecha date not null,giro varchar(25) not null,Cond_Pago varchar(25) not null,Observaciones varchar(200) not null,primary key(id_venta),index(id_vendedor),foreign key(NIT_G) references gerencia(NIT_G),foreign key(id_cliente) references clientes(id_cliente),foreign key(id_vendedor) references vendedores(id_vendedor),foreign key(id_version) references vehi_versiones(id_version))engine=innodb;
Query OK, 0 rows affected (1.04 sec)

mysql>
mysql> ^C
mysql>
